COMMAND ["C:\\Program Files\\Blender Foundation\\Blender 5.2\\blender.exe", "--background", "--factory-startup", "--python", "tools/reproyectar-texturas.py", "--", "astrion-3d-pipeline/work/esfera-mecanica-m4-run-v1/stages/04-reproject", "source/3d-models/crudo/esfera-mecanica-v2-meshy.glb"]
Extensions: writing cache failed ([WinError 183] Cannot create a file when that file already exists: 'C:\\Users\\oDrac\\AppData\\Roaming\\Blender Foundation\\Blender\\5.2\\extensions\\.cache').
17:01:21 | INFO: Data are loaded, start creating Blender stuff
17:01:21 | INFO: Blender create Mesh node Core_Bezel_Outer.001
17:01:21 | INFO: Blender create Mesh node Core_Lens.001
17:01:21 | INFO: Blender create Mesh node Core_Rim_Inner.001
17:01:21 | INFO: Blender create Mesh node Hub_Pole_Upper.001
17:01:21 | INFO: Blender create Mesh node Plates_Band_Equator.001
17:01:21 | INFO: Blender create Mesh node Plates_Band_Upper.001
17:01:21 | INFO: Blender create Mesh node Plates_Cap_Upper.001
17:01:21 | INFO: Blender create Mesh node Sphere_Core.001
17:01:21 | INFO: glTF import finished in 0.02s
17:01:21 | INFO: Data are loaded, start creating Blender stuff
17:01:21 | INFO: Blender create Mesh node mesh
17:01:21 | INFO: glTF import finished in 0.02s
00:20.437  blend            | Read blend: "C:\Source\MexOrbit\mex-orbit-v1\mex-orbit-art\astrion-3d-pipeline\work\esfera-mecanica-m4-run-v1\stages\04-reproject\esfera-mecanica-v2-uv.blend"
00:20.468  image.write      | ERROR OpenImageIO write failed: Could not open file "\.thumbnails\large\blender_30192_2de94c9a12a02aedd36fba303637a9e0.png.png"
Meshy: 1 malla(s), texturas 2048x2048 base=base_color mr=metallic_roughness normal=normal
alineacion Meshy -> nuestra: escala 0.95238, traslacion [ 0.      -0.00425  0.     ]
triangulos nuestros=4166 con gemelo exacto=4130 resueltos por BVH (n-gonos retriangulados)=36
muestras=7250710 texeles cubiertos=1842306 (43.9%)  distancia max punto->malla Meshy en los no gemelos=6.85e-05
texturas: 2048 y 1024 en C:\Source\MexOrbit\mex-orbit-v1\mex-orbit-art\astrion-3d-pipeline\work\esfera-mecanica-m4-run-v1\stages\04-reproject\textures  (basecolor sRGB; orm/roughness/metallic/normal Non-Color; orm: G=roughness B=metallic, R tal cual de Meshy)
Info: Saved as "esfera-mecanica-v3-tex.blend"
INFO Draco is available, use library at C:\Program Files\Blender Foundation\Blender 5.2\5.2\scripts\addons_core\io_scene_gltf2\bf_intern_draco_bridge.dll
INFO MeshOptimizer is available, use library at C:\Program Files\Blender Foundation\Blender 5.2\5.2\scripts\addons_core\io_scene_gltf2\bf_intern_meshopt_bridge.dll
17:01:39 | INFO: Starting glTF 2.0 export
17:01:39 | INFO: Extracting primitive: Core_Bezel_Outer.001
17:01:40 | WARNING: More than one shader node tex image used for a texture. The resulting glTF sampler will behave like the first shader node tex image.
17:01:40 | WARNING: More than one shader node tex image used for a texture. The resulting glTF sampler will behave like the first shader node tex image.
17:01:40 | INFO: Primitives created: 2
17:01:40 | INFO: Extracting primitive: Core_Lens.001
17:01:40 | WARNING: More than one shader node tex image used for a texture. The resulting glTF sampler will behave like the first shader node tex image.
17:01:40 | INFO: Primitives created: 1
17:01:40 | INFO: Extracting primitive: Core_Rim_Inner.001
17:01:40 | INFO: Primitives created: 2
17:01:40 | INFO: Extracting primitive: Hub_Pole_Upper.001
17:01:40 | INFO: Primitives created: 2
17:01:40 | INFO: Extracting primitive: Plates_Band_Equator.001
17:01:40 | INFO: Primitives created: 2
17:01:40 | INFO: Extracting primitive: Plates_Band_Upper.001
17:01:40 | INFO: Primitives created: 2
17:01:40 | INFO: Extracting primitive: Plates_Cap_Upper.001
17:01:40 | INFO: Primitives created: 2
17:01:40 | INFO: Extracting primitive: Sphere_Core.001
17:01:40 | INFO: Primitives created: 1
17:01:40 | INFO: Finished glTF 2.0 export in 0.2699606418609619 s
00:26.672  render           | Saved: 'C:\Source\MexOrbit\mex-orbit-v1\mex-orbit-art\astrion-3d-pipeline\work\esfera-mecanica-m4-run-v1\stages\04-reproject\renders\reproj-three-quarter.png'
00:27.656  render           | Saved: 'C:\Source\MexOrbit\mex-orbit-v1\mex-orbit-art\astrion-3d-pipeline\work\esfera-mecanica-m4-run-v1\stages\04-reproject\renders\reproj-top.png'
00:28.562  render           | Saved: 'C:\Source\MexOrbit\mex-orbit-v1\mex-orbit-art\astrion-3d-pipeline\work\esfera-mecanica-m4-run-v1\stages\04-reproject\renders\reproj-front.png'
00:28.875  render           | Saved: 'C:\Source\MexOrbit\mex-orbit-v1\mex-orbit-art\astrion-3d-pipeline\work\esfera-mecanica-m4-run-v1\stages\04-reproject\renders\reproj-three-quarter-256px.png'
00:29.250  render           | Saved: 'C:\Source\MexOrbit\mex-orbit-v1\mex-orbit-art\astrion-3d-pipeline\work\esfera-mecanica-m4-run-v1\stages\04-reproject\renders\reproj-top-256px.png'
00:30.047  render           | Saved: 'C:\Source\MexOrbit\mex-orbit-v1\mex-orbit-art\astrion-3d-pipeline\work\esfera-mecanica-m4-run-v1\stages\04-reproject\renders\reproj-three-quarter-tex1024.png'
00:30.359  render           | Saved: 'C:\Source\MexOrbit\mex-orbit-v1\mex-orbit-art\astrion-3d-pipeline\work\esfera-mecanica-m4-run-v1\stages\04-reproject\renders\reproj-top-tex1024-256px.png'
00:31.218  render           | Saved: 'C:\Source\MexOrbit\mex-orbit-v1\mex-orbit-art\astrion-3d-pipeline\work\esfera-mecanica-m4-run-v1\stages\04-reproject\renders\reproj-emission-check.png'

GLB v3: mallas=8 vertices=4826 triangulos=4166 bytes=9263396
17:01:50 | INFO: Data are loaded, start creating Blender stuff
17:01:50 | INFO: Blender create Mesh node mesh
17:01:50 | INFO: glTF import finished in 0.02s
00:32.078  render           | Saved: 'C:\Source\MexOrbit\mex-orbit-v1\mex-orbit-art\astrion-3d-pipeline\work\esfera-mecanica-m4-run-v1\stages\04-reproject\renders\meshy-three-quarter.png'
00:33.015  render           | Saved: 'C:\Source\MexOrbit\mex-orbit-v1\mex-orbit-art\astrion-3d-pipeline\work\esfera-mecanica-m4-run-v1\stages\04-reproject\renders\meshy-top.png'
00:33.906  render           | Saved: 'C:\Source\MexOrbit\mex-orbit-v1\mex-orbit-art\astrion-3d-pipeline\work\esfera-mecanica-m4-run-v1\stages\04-reproject\renders\meshy-front.png'
00:34.203  render           | Saved: 'C:\Source\MexOrbit\mex-orbit-v1\mex-orbit-art\astrion-3d-pipeline\work\esfera-mecanica-m4-run-v1\stages\04-reproject\renders\meshy-three-quarter-256px.png'
00:34.562  render           | Saved: 'C:\Source\MexOrbit\mex-orbit-v1\mex-orbit-art\astrion-3d-pipeline\work\esfera-mecanica-m4-run-v1\stages\04-reproject\renders\meshy-top-256px.png'
comparativa three-quarter: diferencia media=0.0069 p99=0.1176 max=0.639 (0..1 sRGB; incluye el ruido de muestreo del render)
comparativa top: diferencia media=0.0113 p99=0.1686 max=0.702 (0..1 sRGB; incluye el ruido de muestreo del render)
comparativa front: diferencia media=0.0098 p99=0.1294 max=0.686 (0..1 sRGB; incluye el ruido de muestreo del render)
mip 256px three-quarter: diferencia media Meshy vs reproyectado=0.0060
mip 256px top: diferencia media Meshy vs reproyectado=0.0107
Meshy: 1 malla(s), texturas 2048x2048 base=base_color mr=metallic_roughness normal=normal
alineacion Meshy -> nuestra: escala 0.95238, traslacion [ 0.      -0.00425  0.     ]
triangulos nuestros=4166 con gemelo exacto=4130 resueltos por BVH (n-gonos retriangulados)=36
muestras=7250710 texeles cubiertos=1842306 (43.9%)  distancia max punto->malla Meshy en los no gemelos=6.85e-05
texturas: 2048 y 1024 en C:\Source\MexOrbit\mex-orbit-v1\mex-orbit-art\astrion-3d-pipeline\work\esfera-mecanica-m4-run-v1\stages\04-reproject\textures  (basecolor sRGB; orm/roughness/metallic/normal Non-Color; orm: G=roughness B=metallic, R tal cual de Meshy)
GLB v3: mallas=8 vertices=4826 triangulos=4166 bytes=9263396
TOTAL evaluado: vertices=2141 triangulos=4166
RESULTADO: TODO OK
geometria: 4166 triangulos evaluados (master UV: 4166; vertices GLB almacenados: 4826) -> IDENTICA
materiales por pieza: {'Core_Bezel_Outer': ['MAT_HULL', 'MAT_RECESSES', 'MAT_EMISSION'], 'Core_Lens': ['MAT_HULL', 'MAT_RECESSES', 'MAT_EMISSION'], 'Core_Rim_Inner': ['MAT_HULL', 'MAT_RECESSES', 'MAT_EMISSION'], 'Hub_Pole_Upper': ['MAT_HULL', 'MAT_RECESSES', 'MAT_EMISSION'], 'Plates_Band_Equator': ['MAT_HULL', 'MAT_RECESSES', 'MAT_EMISSION'], 'Plates_Band_Upper': ['MAT_HULL', 'MAT_RECESSES', 'MAT_EMISSION'], 'Plates_Cap_Upper': ['MAT_HULL', 'MAT_RECESSES', 'MAT_EMISSION'], 'Sphere_Core': ['MAT_HULL', 'MAT_RECESSES', 'MAT_EMISSION']}
comparativa three-quarter: diferencia media=0.0069 p99=0.1176 max=0.639 (0..1 sRGB; incluye el ruido de muestreo del render)
comparativa top: diferencia media=0.0113 p99=0.1686 max=0.702 (0..1 sRGB; incluye el ruido de muestreo del render)
comparativa front: diferencia media=0.0098 p99=0.1294 max=0.686 (0..1 sRGB; incluye el ruido de muestreo del render)
mip 256px three-quarter: diferencia media Meshy vs reproyectado=0.0060
mip 256px top: diferencia media Meshy vs reproyectado=0.0107
Blender 5.2.1 LTS (hash 9e2066aef7ef built 2026-08-25 02:38:20)
Unable to delete file
Unable to delete file

Blender quit
