COMMAND ["C:\\Program Files\\Blender Foundation\\Blender 5.2\\blender.exe", "--background", "--factory-startup", "--python", "tools/esfera-mecanica-uv.py", "--", "astrion-3d-pipeline/work/esfera-mecanica-m4-run-v1/stages/03-uv"]
00:02.094  blend            | Read blend: "C:\Source\MexOrbit\mex-orbit-v1\mex-orbit-art\astrion-3d-pipeline\work\esfera-mecanica-m4-run-v1\stages\03-uv\esfera-mecanica.blend"
C:\Source\MexOrbit\mex-orbit-v1\mex-orbit-art\tools\esfera-mecanica-uv.py:167: DeprecationWarning: 'Material.use_nodes' is expected to be removed in Blender 6.0
  m.use_nodes = True
00:20.078  image.write      | ERROR OpenImageIO write failed: Could not open file "\.thumbnails\large\blender_41908_a3f41a707ba3ba34ce6b77683c9827b1.png.png"
Info: Saved as "esfera-mecanica-v2-uv.blend"
INFO Draco is available, use library at C:\Program Files\Blender Foundation\Blender 5.2\5.2\scripts\addons_core\io_scene_gltf2\bf_intern_draco_bridge.dll
INFO MeshOptimizer is available, use library at C:\Program Files\Blender Foundation\Blender 5.2\5.2\scripts\addons_core\io_scene_gltf2\bf_intern_meshopt_bridge.dll
17:01:01 | INFO: Starting glTF 2.0 export
17:01:01 | INFO: Extracting primitive: Core_Bezel_Outer.001
17:01:01 | INFO: Primitives created: 2
17:01:01 | INFO: Extracting primitive: Core_Lens.001
17:01:01 | INFO: Primitives created: 1
17:01:01 | INFO: Extracting primitive: Core_Rim_Inner.001
17:01:01 | INFO: Primitives created: 2
17:01:01 | INFO: Extracting primitive: Hub_Pole_Upper.001
17:01:01 | INFO: Primitives created: 2
17:01:01 | INFO: Extracting primitive: Plates_Band_Equator.001
17:01:01 | INFO: Primitives created: 2
17:01:01 | INFO: Extracting primitive: Plates_Band_Upper.001
17:01:02 | INFO: Primitives created: 2
17:01:02 | INFO: Extracting primitive: Plates_Cap_Upper.001
17:01:02 | INFO: Primitives created: 2
17:01:02 | INFO: Extracting primitive: Sphere_Core.001
17:01:02 | INFO: Primitives created: 1
17:01:02 | INFO: Finished glTF 2.0 export in 0.028303146362304688 s
C:\Source\MexOrbit\mex-orbit-v1\mex-orbit-art\tools\esfera-mecanica-uv.py:361: DeprecationWarning: 'Material.use_nodes' is expected to be removed in Blender 6.0
  clay.use_nodes = True
C:\Source\MexOrbit\mex-orbit-v1\mex-orbit-art\tools\esfera-mecanica-uv.py:376: DeprecationWarning: 'World.use_nodes' is expected to be removed in Blender 6.0
  world.use_nodes = True
00:28.563  render           | Saved: 'C:\Source\MexOrbit\mex-orbit-v1\mex-orbit-art\astrion-3d-pipeline\work\esfera-mecanica-m4-run-v1\stages\03-uv\renders\three-quarter-clean.png'

  costuras Core_Bezel_Outer         54
  costuras Core_Lens                24
  costuras Core_Rim_Inner           54
  costuras Hub_Pole_Upper           32
  costuras Plates_Band_Equator     162
  costuras Plates_Band_Upper       290
  costuras Plates_Cap_Upper         96
  costuras Sphere_Core              96
metodo UV: SMART_PROJECT_TRIANGULATED
materiales por pieza (caras):
  Core_Bezel_Outer       MAT_HULL=144  MAT_RECESSES=144  MAT_EMISSION=0
  Core_Lens              MAT_HULL=0  MAT_RECESSES=0  MAT_EMISSION=190
  Core_Rim_Inner         MAT_HULL=144  MAT_RECESSES=144  MAT_EMISSION=0
  Hub_Pole_Upper         MAT_HULL=96  MAT_RECESSES=92  MAT_EMISSION=0
  Plates_Band_Equator    MAT_HULL=290  MAT_RECESSES=302  MAT_EMISSION=0
  Plates_Band_Upper      MAT_HULL=516  MAT_RECESSES=552  MAT_EMISSION=0
  Plates_Cap_Upper       MAT_HULL=320  MAT_RECESSES=272  MAT_EMISSION=0
  Sphere_Core            MAT_HULL=0  MAT_RECESSES=960  MAT_EMISSION=0
  TOTAL                  MAT_HULL=1510  MAT_RECESSES=2466  MAT_EMISSION=190
reparacion UV de pliegues: poligonos aislados=['Plates_Band_Equator:282', 'Plates_Band_Equator:285']
UV: en rango 0..1=True  pixeles con solape=0  ocupacion=43.2%  texeles/unidad (visibles): media=244 p5=210 p95=276
mascara: componentes blancos=[(11761, np.float64(0.228), np.float64(0.864)), (11220, np.float64(0.384), np.float64(0.864)), (2084, np.float64(0.601), np.float64(0.928)), (2106, np.float64(0.619), np.float64(0.928)), (2085, np.float64(0.636), np.float64(0.928)), (2095, np.float64(0.653), np.float64(0.928))]
mascara: 31351 px blancos de 4194304 (0.75%), sangrado 4 px, valores solo 0/1
[OK ] Core_Bezel_Outer       v=  144 tris=  288 islas= 1 | nonmanifold e/v=0/0 borde=0 sueltos v/e=0/0 normales_invertidas=0 vol_neg=0 caras_dup=0 v_dobles=0 astillas=[] caras_enterradas=48 v_en_superficie=0
[OK ] Core_Lens              v=   97 tris=  190 islas= 1 | nonmanifold e/v=0/0 borde=0 sueltos v/e=0/0 normales_invertidas=0 vol_neg=0 caras_dup=0 v_dobles=0 astillas=[] caras_enterradas=22 v_en_superficie=0
[OK ] Core_Rim_Inner         v=  144 tris=  288 islas= 1 | nonmanifold e/v=0/0 borde=0 sueltos v/e=0/0 normales_invertidas=0 vol_neg=0 caras_dup=0 v_dobles=0 astillas=[] caras_enterradas=48 v_en_superficie=0
[OK ] Hub_Pole_Upper         v=   98 tris=  188 islas= 2 | nonmanifold e/v=0/0 borde=0 sueltos v/e=0/0 normales_invertidas=0 vol_neg=0 caras_dup=0 v_dobles=0 astillas=[] caras_enterradas=28 v_en_superficie=0
[OK ] Plates_Band_Equator    v=  306 tris=  592 islas= 5 | nonmanifold e/v=0/0 borde=0 sueltos v/e=0/0 normales_invertidas=0 vol_neg=0 caras_dup=0 v_dobles=0 astillas=[] caras_enterradas=94 v_en_superficie=0
[OK ] Plates_Band_Upper      v=  558 tris= 1068 islas=12 | nonmanifold e/v=0/0 borde=0 sueltos v/e=0/0 normales_invertidas=0 vol_neg=0 caras_dup=0 v_dobles=0 astillas=[] caras_enterradas=167 v_en_superficie=0
[OK ] Plates_Cap_Upper       v=  312 tris=  592 islas= 8 | nonmanifold e/v=0/0 borde=0 sueltos v/e=0/0 normales_invertidas=0 vol_neg=0 caras_dup=0 v_dobles=0 astillas=[] caras_enterradas=80 v_en_superficie=0
  esfera: euler V-E+F=2 (2 = cerrada, genero 0), islas=1, desviacion radial max=1.22e-06
[OK ] Sphere_Core            v=  482 tris=  960 islas= 1 | nonmanifold e/v=0/0 borde=0 sueltos v/e=0/0 normales_invertidas=0 vol_neg=0 caras_dup=0 v_dobles=0 astillas=[] caras_enterradas=0 v_en_superficie=0
TOTAL evaluado: vertices=2141 triangulos=4166
RESULTADO: TODO OK
triangulos evaluados antes=4166 despues=4166
GLB v2: mallas=8 vertices=4826 triangulos=4166 bytes=191240
Blender 5.2.1 LTS (hash 9e2066aef7ef built 2026-08-25 02:38:20)
Unable to delete file
Unable to delete file

Blender quit
